<html>
<body>
<pre>
<h1>礦ision Build Log</h1>
<h2>Project:</h2>
C:\Users\Administrator\Desktop\创\程序+原理图+PCB+学习资料+材料清单\程序\MDK-ARM\Project.uvproj
Project File Date:  05/12/2021

<h2>Output:</h2>
Rebuild target 'LED'
compiling main.c...
compiling display.c...
compiling ds18b20.c...
compiling key.c...
compiling usart.c...
compiling timer.c...
compiling ADC.c...
compiling IWDG.c...
compiling I2C.c...
compiling misc.c...
compiling stm32f10x_flash.c...
compiling stm32f10x_gpio.c...
compiling stm32f10x_rcc.c...
compiling stm32f10x_adc.c...
compiling stm32f10x_bkp.c...
compiling stm32f10x_can.c...
compiling stm32f10x_cec.c...
compiling stm32f10x_crc.c...
compiling stm32f10x_dac.c...
compiling stm32f10x_dbgmcu.c...
compiling stm32f10x_dma.c...
compiling stm32f10x_exti.c...
compiling stm32f10x_fsmc.c...
compiling stm32f10x_i2c.c...
compiling stm32f10x_iwdg.c...
compiling stm32f10x_pwr.c...
compiling stm32f10x_rtc.c...
compiling stm32f10x_sdio.c...
compiling stm32f10x_spi.c...
compiling stm32f10x_tim.c...
compiling stm32f10x_usart.c...
compiling stm32f10x_wwdg.c...
compiling core_cm3.c...
compiling system_stm32f10x.c...
assembling startup_stm32f10x_hd.s...
linking...
Program Size: Code=12496 RO-data=336 RW-data=696 ZI-data=1152  
FromELF: creating hex file...
".\Obj\Project.axf" - 0 Errors, 0 Warning(s).
Load "C:\\Users\\Administrator\\Desktop\\创\\程序+原理图+PCB+学习资料+材料清单\\程序\\MDK-ARM\\Obj\\Project.axf" 
Erase Done.
Programming Done.
Verify OK.
Application running ...
